0
198
102
99
95
174
198
0
96
99
107
26
102
96
0
195
73
92
99
99
195
0
126
105
95
107
73
126
0
83
174
26
92
105
83
0
